A D/accf_data////
A D/accf_http////
A D/azalia////
A D/blakes2s////
A D/compat////
A D/compat_ibcs2////
A D/compat_irix////
A D/compat_netbsd32_10////
A D/compat_netbsd32_14////
A D/compat_opencrypto_50////
A D/compat_svr4////
A D/compat_sysv////
A D/compat_sysv_ipc////
A D/coredump_netbsd////
A D/dirhash////
A D/drm2////
A D/drm2pci////
A D/example////
A D/filecorefs////
A D/filemon////
A D/gpiobutton////
A D/i915drm2////
A D/if_strip////
A D/ksem////
A D/luacore////
A D/luadata////
A D/msdosfs////
A D/ndis////
A D/npf_ext_normalise////
A D/nullfs////
A D/portal////
A D/ppp////
A D/raidframe////
A D/securechroot////
A D/smbfs////
A D/spkr_synth////
A D/tprof_amdpmi////
A D/tprof_pmi////
A D/umapfs////
A D/usb_net////
A D/viadrm////
R D/viadrm////
R D/usb_net////
R D/umapfs////
R D/tprof_pmi////
R D/tprof_amdpmi////
R D/spkr_synth////
R D/smbfs////
R D/securechroot////
R D/raidframe////
R D/ppp////
R D/portal////
R D/nullfs////
R D/npf_ext_normalise////
R D/ndis////
R D/msdosfs////
R D/luadata////
R D/luacore////
R D/ksem////
R D/if_strip////
R D/i915drm2////
R D/gpiobutton////
R D/filemon////
R D/filecorefs////
R D/example////
R D/drm2pci////
R D/drm2////
R D/dirhash////
R D/coredump_netbsd////
R D/compat_sysv_ipc////
R D/compat_sysv////
R D/compat_svr4////
R D/compat_opencrypto_50////
R D/compat_netbsd32_14////
R D/compat_netbsd32_10////
R D/compat_irix////
R D/compat_ibcs2////
R D/compat////
R D/blakes2s////
R D/azalia////
R D/accf_http////
R D/accf_data////
