A D/adosfs////
A D/boot////
A D/cfs////
A D/codeset////
A D/common////
A D/contrib////
A D/filecorefs////
A D/ipkdb////
A D/isofs////
A D/kgdb////
A D/kpi////
A D/libkern////
A D/lkm////
A D/msdosfs////
A D/netccitt////
A D/netisdn////
A D/netiso////
A D/netkey////
A D/netnatm////
A D/netns////
A D/netsmb////
A D/ntfs////
A D/pcfs////
A D/scsi////
A D/smbfs////
A D/vm////
R D/vm////
R D/smbfs////
R D/scsi////
R D/pcfs////
R D/ntfs////
R D/netsmb////
R D/netns////
R D/netnatm////
R D/netkey////
R D/netiso////
R D/netisdn////
R D/netccitt////
R D/msdosfs////
R D/lkm////
R D/libkern////
R D/kpi////
R D/kgdb////
R D/isofs////
R D/ipkdb////
R D/filecorefs////
R D/contrib////
R D/common////
R D/codeset////
R D/cfs////
R D/boot////
R D/adosfs////
