A D/amlogic////
A D/awin////
A D/beagle////
A D/cerf////
A D/cubie////
A D/devkit8000////
A D/exynos////
A D/goldengate////
A D/hawk////
A D/imx23_olinuxino////
A D/imx7////
A D/mediatek////
A D/n900////
A D/nitro6x////
A D/nitrogen6////
A D/odroid////
A D/osk5912////
A D/rockchip////
A D/sabre////
A D/sunxi////
A D/tegra////
A D/ti////
A D/tisdp24xx////
A D/vexpress////
A D/virt////
A D/zynq////
R D/zynq////
R D/virt////
R D/vexpress////
R D/tisdp24xx////
R D/ti////
R D/tegra////
R D/sunxi////
R D/sabre////
R D/rockchip////
R D/osk5912////
R D/odroid////
R D/nitrogen6////
R D/nitro6x////
R D/n900////
R D/mediatek////
R D/imx7////
R D/imx23_olinuxino////
R D/hawk////
R D/goldengate////
R D/exynos////
R D/devkit8000////
R D/cubie////
R D/cerf////
R D/beagle////
R D/awin////
R D/amlogic////
