A D/libLLVMAMDGPUAsmParser////
A D/libLLVMAMDGPUAsmPrinter////
A D/libLLVMAMDGPUCodeGen////
A D/libLLVMAMDGPUDisassembler////
A D/libLLVMAMDGPUMCTargetDesc////
A D/libLLVMAMDGPUTargetInfo////
A D/libLLVMAMDGPUUtils////
A D/libLLVMCore////
A D/libLLVMDebugInfoPDB////
A D/libLLVMDebugInfoPDBNative////
A D/libLLVMDebugInfoSymbolize////
A D/libLLVMExecutionEngine////
A D/libLLVMMCJIT////
A D/libLLVMObjectYAML////
A D/libMCLinkerADT////
A D/libMCLinkerARMCodeGen////
A D/libMCLinkerARMTargetInfo////
A D/libMCLinkerCodeGen////
A D/libMCLinkerCore////
A D/libMCLinkerFragment////
A D/libMCLinkerLD////
A D/libMCLinkerMC////
A D/libMCLinkerMipsCodeGen////
A D/libMCLinkerMipsTargetInfo////
A D/libMCLinkerObject////
A D/libMCLinkerScript////
A D/libMCLinkerSupport////
A D/libMCLinkerTarget////
A D/libMCLinkerX86CodeGen////
A D/libMCLinkerX86TargetInfo////
A D/libclangRewriteCore////
A D/libclangRewriteFrontend////
A D/libclangStaticAnalyzer////
A D/liblldConfig////
A D/liblldCore////
A D/liblldDriver////
A D/liblldPasses////
A D/liblldReaderWriter////
A D/liblldReaderWriterELF////
A D/liblldReaderWriterELFAArch64////
A D/liblldReaderWriterELFHexagon////
A D/liblldReaderWriterELFMips////
A D/liblldReaderWriterELFPPC////
A D/liblldReaderWriterELFX86////
A D/liblldReaderWriterELFX86_64////
A D/liblldReaderWriterMachO////
A D/liblldReaderWriterNative////
A D/liblldReaderWriterPECOFF////
A D/liblldReaderWriterYAML////
R D/liblldReaderWriterYAML////
R D/liblldReaderWriterPECOFF////
R D/liblldReaderWriterNative////
R D/liblldReaderWriterMachO////
R D/liblldReaderWriterELFX86_64////
R D/liblldReaderWriterELFX86////
R D/liblldReaderWriterELFPPC////
R D/liblldReaderWriterELFMips////
R D/liblldReaderWriterELFHexagon////
R D/liblldReaderWriterELFAArch64////
R D/liblldReaderWriterELF////
R D/liblldReaderWriter////
R D/liblldPasses////
R D/liblldDriver////
R D/liblldCore////
R D/liblldConfig////
R D/libclangStaticAnalyzer////
R D/libclangRewriteFrontend////
R D/libclangRewriteCore////
R D/libMCLinkerX86TargetInfo////
R D/libMCLinkerX86CodeGen////
R D/libMCLinkerTarget////
R D/libMCLinkerSupport////
R D/libMCLinkerScript////
R D/libMCLinkerObject////
R D/libMCLinkerMipsTargetInfo////
R D/libMCLinkerMipsCodeGen////
R D/libMCLinkerMC////
R D/libMCLinkerLD////
R D/libMCLinkerFragment////
R D/libMCLinkerCore////
R D/libMCLinkerCodeGen////
R D/libMCLinkerARMTargetInfo////
R D/libMCLinkerARMCodeGen////
R D/libMCLinkerADT////
R D/libLLVMObjectYAML////
R D/libLLVMMCJIT////
R D/libLLVMExecutionEngine////
R D/libLLVMDebugInfoSymbolize////
R D/libLLVMDebugInfoPDBNative////
R D/libLLVMDebugInfoPDB////
R D/libLLVMCore////
R D/libLLVMAMDGPUUtils////
R D/libLLVMAMDGPUTargetInfo////
R D/libLLVMAMDGPUMCTargetDesc////
R D/libLLVMAMDGPUDisassembler////
R D/libLLVMAMDGPUCodeGen////
R D/libLLVMAMDGPUAsmPrinter////
R D/libLLVMAMDGPUAsmParser////
